// Jest Snapshot v1, https://goo.gl/fbAQLP

exports[`<SimpleButton/> should render correctly 1`] = `
<div>
  <button />
</div>
`;
